*****************************************************************
      SolidWorks Corporation - IGES Processor Status Report
*****************************************************************
警告: 無法讀取IGE檔案。檔案已修改過或包含無效的資料。
(Unable to read IGES file. File was truncated or contains invalid data.)                                


=================================================================
圖元摘要
=================================================================
-----------------------------------------------------------------
類型名稱                                         轉換的數量
---- ----                                         ----- ---------
_________________________________________________________________


=================================================================
結果摘要
=================================================================
SolidWorks 特徵類型                數量
-----------------------                -----
實體特徵                       0
曲面特徵                     0
曲線/草圖特徵                0
--------------------------------------------
開始時間: 星期日, 三月 14, 2021 12:59:40
完成時間: 星期日, 三月 14, 2021 12:59:41
處理時間: 0 days, 00 hours, 00 mins, 01 secs
